// Jest Snapshot v1, https://goo.gl/fbAQLP

exports[`ChatMessageList renders correctly with props 1`] = `
<View
  style={
    Object {
      "flex": 1,
    }
  }
>
  <BVLinearGradient
    colors={
      Array [
        4293914607,
        4293914607,
      ]
    }
    locations={
      Array [
        0,
        1,
      ]
    }
    style={
      Object {
        "flex": 1,
      }
    }
  >
    <RCTSafeAreaView
      style={
        Object {
          "flex": 1,
        }
      }
    >
      <View
        onLayout={[Function]}
      >
        <View
          style={
            Array [
              undefined,
              Object {
                "left": 0,
                "position": "relative",
                "right": 0,
                "top": 0,
                "zIndex": 999,
              },
            ]
          }
        >
          <View
            style={
              Array [
                undefined,
                undefined,
              ]
            }
          >
            <View
              accessible={true}
              isTVSelectable={true}
              onResponderGrant={[Function]}
              onResponderMove={[Function]}
              onResponderRelease={[Function]}
              onResponderTerminate={[Function]}
              onResponderTerminationRequest={[Function]}
              onStartShouldSetResponder={[Function]}
              style={
                Object {
                  "opacity": 1,
                }
              }
            >
              <Text
                accessible={true}
                allowFontScaling={false}
                ellipsizeMode="tail"
                style={
                  Array [
                    Object {
                      "color": "#2E88FF",
                      "fontSize": 36,
                    },
                    undefined,
                    Object {
                      "fontFamily": "Material Design Icons",
                      "fontStyle": "normal",
                      "fontWeight": "normal",
                    },
                    Object {},
                  ]
                }
                type="material-community"
              >
                
              </Text>
            </View>
          </View>
          <View
            style={
              Array [
                undefined,
                undefined,
              ]
            }
          />
        </View>
        <View
          onStartShouldSetResponder={[Function]}
          style={
            Array [
              undefined,
              undefined,
            ]
          }
        >
          <View
            onLayout={[Function]}
            style={
              Object {
                "flex": 1,
              }
            }
          />
        </View>
      </View>
    </RCTSafeAreaView>
  </BVLinearGradient>
</View>
`;

exports[`ChatMessageList renders correctly without props 1`] = `
<View
  style={
    Object {
      "flex": 1,
    }
  }
>
  <BVLinearGradient
    colors={
      Array [
        4293914607,
        4293914607,
      ]
    }
    locations={
      Array [
        0,
        1,
      ]
    }
    style={
      Object {
        "flex": 1,
      }
    }
  >
    <RCTSafeAreaView
      style={
        Object {
          "flex": 1,
        }
      }
    >
      <View
        onLayout={[Function]}
      >
        <View
          style={
            Array [
              undefined,
              Object {
                "left": 0,
                "position": "relative",
                "right": 0,
                "top": 0,
                "zIndex": 999,
              },
            ]
          }
        >
          <View
            style={
              Array [
                undefined,
                undefined,
              ]
            }
          >
            <View
              accessible={true}
              isTVSelectable={true}
              onResponderGrant={[Function]}
              onResponderMove={[Function]}
              onResponderRelease={[Function]}
              onResponderTerminate={[Function]}
              onResponderTerminationRequest={[Function]}
              onStartShouldSetResponder={[Function]}
              style={
                Object {
                  "opacity": 1,
                }
              }
            >
              <Text
                accessible={true}
                allowFontScaling={false}
                ellipsizeMode="tail"
                style={
                  Array [
                    Object {
                      "color": "#2E88FF",
                      "fontSize": 36,
                    },
                    undefined,
                    Object {
                      "fontFamily": "Material Design Icons",
                      "fontStyle": "normal",
                      "fontWeight": "normal",
                    },
                    Object {},
                  ]
                }
                type="material-community"
              >
                
              </Text>
            </View>
          </View>
          <View
            style={
              Array [
                undefined,
                undefined,
              ]
            }
          />
        </View>
        <View
          onStartShouldSetResponder={[Function]}
          style={
            Array [
              undefined,
              undefined,
            ]
          }
        >
          <View
            onLayout={[Function]}
            style={
              Object {
                "flex": 1,
              }
            }
          />
        </View>
      </View>
    </RCTSafeAreaView>
  </BVLinearGradient>
</View>
`;
